
> backend@1.0.0 dev
> nodemon index.js

[33m[nodemon] 3.1.14[39m
[33m[nodemon] to restart at any time, enter `rs`[39m
[33m[nodemon] watching path(s): *.*[39m
[33m[nodemon] watching extensions: js,mjs,cjs,json[39m
[32m[nodemon] starting `node index.js`[39m
◇ injected env (10) from .env // tip: ◈ encrypted .env [www.dotenvx.com]
🏸 Server đang chạy tại http://localhost:5000
[Cron] Khởi động Scheduled Jobs...
[Cron] Kiểm tra lịch sắp diễn ra (nhắc trước 1h)...
[Cron] Tổng hợp báo cáo cuối ngày...
Chưa cấu hình EMAIL_USER/PASS. Tạo email test tự động...
[Ethereal Email] Dùng account: vp22nfhsfkz75cro@ethereal.email
[Email Sent] To: admin@gmail.com, MessageId: <8b0ca98c-b197-a3d0-0868-6003646e08c7@caulong84.com>
[Preview URL] Xem thử email tại: https://ethereal.email/message/aimVy1x.glr0VXoRaimV1vsdSb1TeYBbAAAAATlTMuA5WyYdCHMnb5GPues
[Cron] Bắt đầu dọn dẹp đơn cuối ngày...
[Cron] Kiểm tra lịch sắp diễn ra (nhắc trước 1h)...
[Cron] Bắt đầu quét đơn đặt sân quá hạn...
[Cron] Kiểm tra lịch sắp diễn ra (nhắc trước 1h)...
[31m[nodemon] app crashed - waiting for file changes before starting...[39m
