
> backend@1.0.0 dev
> nodemon index.js

[33m[nodemon] 3.1.14[39m
[33m[nodemon] to restart at any time, enter `rs`[39m
[33m[nodemon] watching path(s): *.*[39m
[33m[nodemon] watching extensions: js,mjs,cjs,json[39m
[32m[nodemon] starting `node index.js`[39m
◇ injected env (10) from .env // tip: ⌘ multiple files { path: ['.env.local', '.env'] }
🏸 Server đang chạy tại http://localhost:5000
[Cron] Khởi động Scheduled Jobs...
[32m[nodemon] restarting due to changes...[39m
[Cron] Kiểm tra lịch sắp diễn ra (nhắc trước 1h)...
[Cron] Bắt đầu quét đơn đặt sân quá hạn...
[32m[nodemon] starting `node index.js`[39m
◇ injected env (10) from .env // tip: ⌁ auth for agents [www.vestauth.com]
🏸 Server đang chạy tại http://localhost:5000
[Cron] Khởi động Scheduled Jobs...
[32m[nodemon] restarting due to changes...[39m
[32m[nodemon] starting `node index.js`[39m
◇ injected env (10) from .env // tip: ◈ encrypted .env [www.dotenvx.com]
🏸 Server đang chạy tại http://localhost:5000
[Cron] Khởi động Scheduled Jobs...
[32m[nodemon] restarting due to changes...[39m
[32m[nodemon] starting `node index.js`[39m
◇ injected env (10) from .env // tip: ⌘ suppress logs { quiet: true }
🏸 Server đang chạy tại http://localhost:5000
[Cron] Khởi động Scheduled Jobs...
User connected: 41ir1OHpbpq4uEJaAAAC
Socket 41ir1OHpbpq4uEJaAAAC joined room a0d8246b-eb08-4aa6-82d6-2cce7e690e2e
Socket 41ir1OHpbpq4uEJaAAAC joined room a0d8246b-eb08-4aa6-82d6-2cce7e690e2e
User disconnected: 41ir1OHpbpq4uEJaAAAC
User connected: ceX6BBuAPaeXDRKVAAAF
Socket ceX6BBuAPaeXDRKVAAAF joined room a0d8246b-eb08-4aa6-82d6-2cce7e690e2e
Socket ceX6BBuAPaeXDRKVAAAF joined room a0d8246b-eb08-4aa6-82d6-2cce7e690e2e
[32m[nodemon] restarting due to changes...[39m
[32m[nodemon] starting `node index.js`[39m
◇ injected env (10) from .env // tip: ⌘ custom filepath { path: '/custom/path/.env' }
[31m[nodemon] app crashed - waiting for file changes before starting...[39m
[32m[nodemon] restarting due to changes...[39m
[32m[nodemon] starting `node index.js`[39m
[32m[nodemon] restarting due to changes...[39m
[32m[nodemon] starting `node index.js`[39m
◇ injected env (10) from .env // tip: ⌘ multiple files { path: ['.env.local', '.env'] }
[31m[nodemon] app crashed - waiting for file changes before starting...[39m
[32m[nodemon] restarting due to changes...[39m
[32m[nodemon] starting `node index.js`[39m
[32m[nodemon] restarting due to changes...[39m
◇ injected env (10) from .env // tip: ◈ secrets for agents [www.dotenvx.com]
[32m[nodemon] starting `node index.js`[39m
◇ injected env (10) from .env // tip: ⌘ custom filepath { path: '/custom/path/.env' }
🏸 Server đang chạy tại http://localhost:5000
[Cron] Khởi động Scheduled Jobs...
[Cron] Bắt đầu quét đơn đặt sân quá hạn...
[Cron] Kiểm tra lịch sắp diễn ra (nhắc trước 1h)...
[32m[nodemon] restarting due to changes...[39m
[32m[nodemon] restarting due to changes...[39m
[32m[nodemon] starting `node index.js`[39m
◇ injected env (10) from .env // tip: ⌘ multiple files { path: ['.env.local', '.env'] }
🏸 Server đang chạy tại http://localhost:5000
[Cron] Khởi động Scheduled Jobs...
[32m[nodemon] restarting due to changes...[39m
[32m[nodemon] starting `node index.js`[39m
◇ injected env (10) from .env // tip: ⌘ suppress logs { quiet: true }
🏸 Server đang chạy tại http://localhost:5000
[Cron] Khởi động Scheduled Jobs...
[32m[nodemon] restarting due to changes...[39m
[32m[nodemon] starting `node index.js`[39m
◇ injected env (10) from .env // tip: ⌘ multiple files { path: ['.env.local', '.env'] }
🏸 Server đang chạy tại http://localhost:5000
[Cron] Khởi động Scheduled Jobs...
User connected: o10yiPgWK4ooYic9AAAC
Socket o10yiPgWK4ooYic9AAAC joined room a0d8246b-eb08-4aa6-82d6-2cce7e690e2e
Socket o10yiPgWK4ooYic9AAAC joined room a0d8246b-eb08-4aa6-82d6-2cce7e690e2e
User disconnected: o10yiPgWK4ooYic9AAAC
User connected: Sd0IPpUJdxiA0dboAAAF
Socket Sd0IPpUJdxiA0dboAAAF joined room a0d8246b-eb08-4aa6-82d6-2cce7e690e2e
Socket Sd0IPpUJdxiA0dboAAAF joined room a0d8246b-eb08-4aa6-82d6-2cce7e690e2e
User disconnected: Sd0IPpUJdxiA0dboAAAF
User connected: Ti4G9ywucz6R8MNrAAAI
Socket Ti4G9ywucz6R8MNrAAAI joined room a0d8246b-eb08-4aa6-82d6-2cce7e690e2e
Socket Ti4G9ywucz6R8MNrAAAI joined room a0d8246b-eb08-4aa6-82d6-2cce7e690e2e
User disconnected: Ti4G9ywucz6R8MNrAAAI
User connected: NNbxIbYyjRzorGhjAAAL
Socket NNbxIbYyjRzorGhjAAAL joined room a0d8246b-eb08-4aa6-82d6-2cce7e690e2e
Socket NNbxIbYyjRzorGhjAAAL joined room a0d8246b-eb08-4aa6-82d6-2cce7e690e2e
User disconnected: NNbxIbYyjRzorGhjAAAL
User connected: T6zX_1QcaSbvZAhCAAAO
Socket T6zX_1QcaSbvZAhCAAAO joined room a0d8246b-eb08-4aa6-82d6-2cce7e690e2e
Socket T6zX_1QcaSbvZAhCAAAO joined room a0d8246b-eb08-4aa6-82d6-2cce7e690e2e
Socket T6zX_1QcaSbvZAhCAAAO joined court room court_e1d983a7-1dea-4114-a467-bdc33e070e51
Socket T6zX_1QcaSbvZAhCAAAO left court room court_e1d983a7-1dea-4114-a467-bdc33e070e51
Socket T6zX_1QcaSbvZAhCAAAO joined court room court_e1d983a7-1dea-4114-a467-bdc33e070e51
Socket T6zX_1QcaSbvZAhCAAAO left court room court_e1d983a7-1dea-4114-a467-bdc33e070e51
User disconnected: T6zX_1QcaSbvZAhCAAAO
User connected: _Si988Ufqfl_LYqQAAAR
Socket _Si988Ufqfl_LYqQAAAR joined room a0d8246b-eb08-4aa6-82d6-2cce7e690e2e
Socket _Si988Ufqfl_LYqQAAAR joined room a0d8246b-eb08-4aa6-82d6-2cce7e690e2e
User disconnected: _Si988Ufqfl_LYqQAAAR
User connected: 2ruKkK99J5AdWGXeAAAU
Socket 2ruKkK99J5AdWGXeAAAU joined room a0d8246b-eb08-4aa6-82d6-2cce7e690e2e
Socket 2ruKkK99J5AdWGXeAAAU joined room a0d8246b-eb08-4aa6-82d6-2cce7e690e2e
User disconnected: 2ruKkK99J5AdWGXeAAAU
User connected: 35WnAnftOK0EhpWHAAAX
Socket 35WnAnftOK0EhpWHAAAX joined room a0d8246b-eb08-4aa6-82d6-2cce7e690e2e
Socket 35WnAnftOK0EhpWHAAAX joined room a0d8246b-eb08-4aa6-82d6-2cce7e690e2e
User disconnected: 35WnAnftOK0EhpWHAAAX
[Cron] Kiểm tra lịch sắp diễn ra (nhắc trước 1h)...
User connected: d8EB1TROVsn6YuofAAAa
Socket d8EB1TROVsn6YuofAAAa joined room a0d8246b-eb08-4aa6-82d6-2cce7e690e2e
Socket d8EB1TROVsn6YuofAAAa joined room a0d8246b-eb08-4aa6-82d6-2cce7e690e2e
User disconnected: d8EB1TROVsn6YuofAAAa
User connected: d1QzstMdOOKOT9lWAAAd
Socket d1QzstMdOOKOT9lWAAAd joined room a0d8246b-eb08-4aa6-82d6-2cce7e690e2e
Socket d1QzstMdOOKOT9lWAAAd joined room a0d8246b-eb08-4aa6-82d6-2cce7e690e2e
User disconnected: d1QzstMdOOKOT9lWAAAd
User connected: OJ8hJt_F1TaKnKm_AAAg
Socket OJ8hJt_F1TaKnKm_AAAg joined room a0d8246b-eb08-4aa6-82d6-2cce7e690e2e
Socket OJ8hJt_F1TaKnKm_AAAg joined room a0d8246b-eb08-4aa6-82d6-2cce7e690e2e
User disconnected: OJ8hJt_F1TaKnKm_AAAg
User connected: aachAjNvnYcOr2oHAAAj
Socket aachAjNvnYcOr2oHAAAj joined room a0d8246b-eb08-4aa6-82d6-2cce7e690e2e
Socket aachAjNvnYcOr2oHAAAj joined room a0d8246b-eb08-4aa6-82d6-2cce7e690e2e
User disconnected: aachAjNvnYcOr2oHAAAj
User connected: GFU1t3Gfo3-QR7UdAAAm
Socket GFU1t3Gfo3-QR7UdAAAm joined room a0d8246b-eb08-4aa6-82d6-2cce7e690e2e
Socket GFU1t3Gfo3-QR7UdAAAm joined room a0d8246b-eb08-4aa6-82d6-2cce7e690e2e
[32m[nodemon] restarting due to changes...[39m
[32m[nodemon] restarting due to changes...[39m
[32m[nodemon] starting `node index.js`[39m
◇ injected env (10) from .env // tip: ⌘ multiple files { path: ['.env.local', '.env'] }
[31m[nodemon] app crashed - waiting for file changes before starting...[39m
[32m[nodemon] restarting due to changes...[39m
[32m[nodemon] starting `node index.js`[39m
◇ injected env (10) from .env // tip: ⌘ enable debugging { debug: true }
🏸 Server đang chạy tại http://localhost:5000
[Cron] Khởi động Scheduled Jobs...
User connected: 44tD9jBqMyQ0AE81AAAB
[Cron] Bắt đầu quét đơn đặt sân quá hạn...
[Cron] Kiểm tra lịch sắp diễn ra (nhắc trước 1h)...
User disconnected: 44tD9jBqMyQ0AE81AAAB
User connected: R8g2cpVNA3gBfmIRAAAE
Socket R8g2cpVNA3gBfmIRAAAE joined room a0d8246b-eb08-4aa6-82d6-2cce7e690e2e
Socket R8g2cpVNA3gBfmIRAAAE joined room a0d8246b-eb08-4aa6-82d6-2cce7e690e2e
User disconnected: R8g2cpVNA3gBfmIRAAAE
User connected: iICLGOCdsvzp88TLAAAH
Socket iICLGOCdsvzp88TLAAAH joined room a0d8246b-eb08-4aa6-82d6-2cce7e690e2e
Socket iICLGOCdsvzp88TLAAAH joined room a0d8246b-eb08-4aa6-82d6-2cce7e690e2e
User disconnected: iICLGOCdsvzp88TLAAAH
[32m[nodemon] restarting due to changes...[39m
[32m[nodemon] restarting due to changes...[39m
[32m[nodemon] starting `node index.js`[39m
◇ injected env (10) from .env // tip: ◈ secrets for agents [www.dotenvx.com]
[31m[nodemon] app crashed - waiting for file changes before starting...[39m
[32m[nodemon] restarting due to changes...[39m
[32m[nodemon] starting `node index.js`[39m
[32m[nodemon] restarting due to changes...[39m
◇ injected env (10) from .env // tip: ⌘ enable debugging { debug: true }
[32m[nodemon] starting `node index.js`[39m
◇ injected env (10) from .env // tip: ⌘ override existing { override: true }
🏸 Server đang chạy tại http://localhost:5000
[Cron] Khởi động Scheduled Jobs...
[32m[nodemon] restarting due to changes...[39m
[32m[nodemon] restarting due to changes...[39m
[32m[nodemon] starting `node index.js`[39m
◇ injected env (10) from .env // tip: ⌘ multiple files { path: ['.env.local', '.env'] }
[31m[nodemon] app crashed - waiting for file changes before starting...[39m
[32m[nodemon] restarting due to changes...[39m
[32m[nodemon] starting `node index.js`[39m
[32m[nodemon] restarting due to changes...[39m
◇ injected env (10) from .env // tip: ◈ encrypted .env [www.dotenvx.com]
[32m[nodemon] starting `node index.js`[39m
◇ injected env (10) from .env // tip: ⌁ auth for agents [www.vestauth.com]
🏸 Server đang chạy tại http://localhost:5000
[Cron] Khởi động Scheduled Jobs...
[32m[nodemon] restarting due to changes...[39m
[32m[nodemon] starting `node index.js`[39m
◇ injected env (10) from .env // tip: ⌘ suppress logs { quiet: true }
🏸 Server đang chạy tại http://localhost:5000
[Cron] Khởi động Scheduled Jobs...
[Cron] Kiểm tra lịch sắp diễn ra (nhắc trước 1h)...
[Cron] Bắt đầu quét đơn đặt sân quá hạn...
